// Jest Snapshot v1, https://goo.gl/fbAQLP

exports[`lib/auto-scenario-config-for-ember works with complex semver statement 1`] = `
Array [
  Object {
    "name": "default",
    "npm": Object {
      "devDependencies": Object {},
    },
  },
  Object {
    "allowedToFail": true,
    "name": "ember-beta",
    "npm": Object {
      "devDependencies": Object {
        "ember-source": "https://emberjs.example.com/beta-1234.tgz",
      },
      "overrides": Object {
        "ember-source": "$ember-source",
      },
    },
  },
  Object {
    "allowedToFail": true,
    "name": "ember-canary",
    "npm": Object {
      "devDependencies": Object {
        "ember-source": "https://emberjs.example.com/canary-1234.tgz",
      },
      "overrides": Object {
        "ember-source": "$ember-source",
      },
    },
  },
  Object {
    "name": "ember-release",
    "npm": Object {
      "devDependencies": Object {
        "ember-source": "https://emberjs.example.com/release-1234.tgz",
      },
      "overrides": Object {
        "ember-source": "$ember-source",
      },
    },
  },
  Object {
    "name": "ember-2.11.0",
    "npm": Object {
      "devDependencies": Object {
        "ember-source": "2.11.0",
      },
      "overrides": Object {
        "ember-source": "$ember-source",
      },
    },
  },
  Object {
    "name": "ember-2.12.2",
    "npm": Object {
      "devDependencies": Object {
        "ember-source": "2.12.2",
      },
      "overrides": Object {
        "ember-source": "$ember-source",
      },
    },
  },
  Object {
    "name": "ember-2.18.0",
    "npm": Object {
      "devDependencies": Object {
        "ember-source": "2.18.0",
      },
      "overrides": Object {
        "ember-source": "$ember-source",
      },
    },
  },
  Object {
    "name": "ember-3.1.1",
    "npm": Object {
      "devDependencies": Object {
        "ember-source": "3.1.1",
      },
      "overrides": Object {
        "ember-source": "$ember-source",
      },
    },
  },
]
`;
